{"Name":"__builtin__","Type":"PipPackage","Repo":"github.com/python/cpython","Files":["Modules/itertoolsmodule.c"],"Dir":"Modules"}
