{
  "Defs": [
    {
      "UnitType": "PipPackage",
      "Unit": "python-no-uri",
      "Path": "mod0.py/mod0.foo.foo",
      "Name": "foo",
      "Kind": "function",
      "File": "mod0.py",
      "DefStart": 4,
      "DefEnd": 7,
      "Exported": true,
      "Data": {
        "Keyword": "def",
        "Kind": "function",
        "Name": "foo",
        "Separator": "",
        "Type": "()"
      }
    },
    {
      "UnitType": "PipPackage",
      "Unit": "python-no-uri",
      "Path": "mod0.py/mod0.mod0",
      "Name": "mod0.py",
      "Kind": "module",
      "File": "mod0.py",
      "DefStart": 0,
      "DefEnd": 0,
      "Exported": true,
      "Data": {
        "Keyword": "module",
        "Kind": "module",
        "Name": "mod0",
        "Separator": "",
        "Type": ""
      }
    },
    {
      "UnitType": "PipPackage",
      "Unit": "python-no-uri",
      "Path": "setup.py/setup.setup",
      "Name": "setup.py",
      "Kind": "module",
      "File": "setup.py",
      "DefStart": 0,
      "DefEnd": 0,
      "Exported": true,
      "Data": {
        "Keyword": "module",
        "Kind": "module",
        "Name": "setup",
        "Separator": "",
        "Type": ""
      }
    }
  ],
  "Refs": [
    {
      "DefUnitType": "PipPackage",
      "DefUnit": "python-no-uri",
      "DefPath": "mod0.py/mod0.foo.foo",
      "UnitType": "PipPackage",
      "Unit": "python-no-uri",
      "Def": true,
      "File": "mod0.py",
      "Start": 4,
      "End": 7
    },
    {
      "DefUnitType": "PipPackage",
      "DefUnit": "python-no-uri",
      "DefPath": "mod0.py/mod0.mod0",
      "UnitType": "PipPackage",
      "Unit": "python-no-uri",
      "Def": true,
      "File": "mod0.py",
      "Start": 0,
      "End": 0
    },
    {
      "DefUnitType": "PipPackage",
      "DefUnit": "python-no-uri",
      "DefPath": "setup.py/setup.install_requires",
      "UnitType": "PipPackage",
      "Unit": "python-no-uri",
      "File": "setup.py",
      "Start": 113,
      "End": 129
    },
    {
      "DefUnitType": "PipPackage",
      "DefUnit": "python-no-uri",
      "DefPath": "setup.py/setup.name",
      "UnitType": "PipPackage",
      "Unit": "python-no-uri",
      "File": "setup.py",
      "Start": 41,
      "End": 45
    },
    {
      "DefUnitType": "PipPackage",
      "DefUnit": "python-no-uri",
      "DefPath": "setup.py/setup.py_modules",
      "UnitType": "PipPackage",
      "Unit": "python-no-uri",
      "File": "setup.py",
      "Start": 88,
      "End": 98
    },
    {
      "DefUnitType": "PipPackage",
      "DefUnit": "python-no-uri",
      "DefPath": "setup.py/setup.setup",
      "UnitType": "PipPackage",
      "Unit": "python-no-uri",
      "Def": true,
      "File": "setup.py",
      "Start": 0,
      "End": 0
    },
    {
      "DefUnitType": "PipPackage",
      "DefUnit": "python-no-uri",
      "DefPath": "setup.py/setup.version",
      "UnitType": "PipPackage",
      "Unit": "python-no-uri",
      "File": "setup.py",
      "Start": 67,
      "End": 74
    },
    {
      "DefRepo": "github.com/pypa/setuptools",
      "DefUnitType": "PipPackage",
      "DefUnit": "setuptools",
      "DefPath": "setuptools/__init__.py/setuptools.setup",
      "UnitType": "PipPackage",
      "Unit": "python-no-uri",
      "File": "setup.py",
      "Start": 23,
      "End": 28
    },
    {
      "DefRepo": "github.com/pypa/setuptools",
      "DefUnitType": "PipPackage",
      "DefUnit": "setuptools",
      "DefPath": "setuptools/__init__.py/setuptools.setup",
      "UnitType": "PipPackage",
      "Unit": "python-no-uri",
      "File": "setup.py",
      "Start": 30,
      "End": 35
    },
    {
      "DefRepo": "github.com/pypa/setuptools",
      "DefUnitType": "PipPackage",
      "DefUnit": "setuptools",
      "DefPath": "setuptools/__init__.py/setuptools.setuptools",
      "UnitType": "PipPackage",
      "Unit": "python-no-uri",
      "File": "setup.py",
      "Start": 5,
      "End": 15
    }
  ]
}