{"Name":"Python","Type":"PipPackage","Repo":"github.com/python/cpython","Files":["Lib/os.py"],"Dir":"Lib"}
