{"Name":"python-sample-1","Type":"PipPackage","Files":["app/__init__.py","app/app.py","setup.py"],"Dir":".","Dependencies":[{"Repo":"?","Type":"PipPackage","Name":"python-sample-0"},{"Repo":"github.com/pypa/setuptools","Type":"PipPackage","Name":"setuptools"}],"Data":{"ReqFiles":["./requirements.txt"],"Reqs":[{"extras":null,"key":"https://github.com/sgtest/python-sample-0","modules":null,"packages":["pkg0"],"project_name":"python-sample-0","repo_url":"https://github.com/sgtest/python-sample-0","resolved":true,"specs":null,"type":"vcs","unsafe_name":null}]}}
