{
  "Defs": [
    {
      "UnitType": "PipPackage",
      "Unit": "python-sample-1",
      "Path": "app/__init__.py/app.app",
      "Name": "app",
      "Kind": "module",
      "File": "app/__init__.py",
      "DefStart": 0,
      "DefEnd": 0,
      "Exported": true,
      "Data": {
        "Keyword": "package",
        "Kind": "package",
        "Name": "app",
        "Separator": "",
        "Type": ""
      }
    },
    {
      "UnitType": "PipPackage",
      "Unit": "python-sample-1",
      "Path": "app/app.py/app.app.app",
      "Name": "app.py",
      "Kind": "module",
      "File": "app/app.py",
      "DefStart": 0,
      "DefEnd": 0,
      "Exported": true,
      "Data": {
        "Keyword": "module",
        "Kind": "module",
        "Name": "app.app",
        "Separator": "",
        "Type": ""
      }
    },
    {
      "UnitType": "PipPackage",
      "Unit": "python-sample-1",
      "Path": "app/app.py/app.x",
      "Name": "x",
      "Kind": "statement",
      "File": "app/app.py",
      "DefStart": 16,
      "DefEnd": 17,
      "Exported": true,
      "Data": {
        "Keyword": "",
        "Kind": "statement",
        "Name": "x",
        "Separator": " ",
        "Type": "= pkg0.m0.Class0()"
      }
    },
    {
      "UnitType": "PipPackage",
      "Unit": "python-sample-1",
      "Path": "setup.py/setup.setup",
      "Name": "setup.py",
      "Kind": "module",
      "File": "setup.py",
      "DefStart": 0,
      "DefEnd": 0,
      "Exported": true,
      "Data": {
        "Keyword": "module",
        "Kind": "module",
        "Name": "setup",
        "Separator": "",
        "Type": ""
      }
    }
  ],
  "Refs": [
    {
      "DefUnitType": "PipPackage",
      "DefUnit": "python-sample-1",
      "DefPath": "app/__init__.py/app.app",
      "UnitType": "PipPackage",
      "Unit": "python-sample-1",
      "Def": true,
      "File": "app/__init__.py",
      "Start": 0,
      "End": 0
    },
    {
      "DefUnitType": "PipPackage",
      "DefUnit": "python-sample-1",
      "DefPath": "app/app.py/app.app.app",
      "UnitType": "PipPackage",
      "Unit": "python-sample-1",
      "Def": true,
      "File": "app/app.py",
      "Start": 0,
      "End": 0
    },
    {
      "DefUnitType": "PipPackage",
      "DefUnit": "python-sample-1",
      "DefPath": "app/app.py/app.x",
      "UnitType": "PipPackage",
      "Unit": "python-sample-1",
      "Def": true,
      "File": "app/app.py",
      "Start": 16,
      "End": 17
    },
    {
      "DefUnitType": "PipPackage",
      "DefUnit": "python-sample-1",
      "DefPath": "app/app.py/app.x",
      "UnitType": "PipPackage",
      "Unit": "python-sample-1",
      "File": "app/app.py",
      "Start": 37,
      "End": 38
    },
    {
      "DefRepo": "github.com/sgtest/python-sample-0",
      "DefUnitType": "PipPackage",
      "DefUnit": "python-sample-0",
      "DefPath": "pkg0/__init__.py/pkg0.pkg0",
      "UnitType": "PipPackage",
      "Unit": "python-sample-1",
      "File": "app/app.py",
      "Start": 20,
      "End": 24
    },
    {
      "DefRepo": "github.com/sgtest/python-sample-0",
      "DefUnitType": "PipPackage",
      "DefUnit": "python-sample-0",
      "DefPath": "pkg0/__init__.py/pkg0.pkg0",
      "UnitType": "PipPackage",
      "Unit": "python-sample-1",
      "File": "app/app.py",
      "Start": 7,
      "End": 11
    },
    {
      "DefRepo": "github.com/sgtest/python-sample-0",
      "DefUnitType": "PipPackage",
      "DefUnit": "python-sample-0",
      "DefPath": "pkg0/m0.py/m0.Class0.Class0",
      "UnitType": "PipPackage",
      "Unit": "python-sample-1",
      "File": "app/app.py",
      "Start": 28,
      "End": 34
    },
    {
      "DefRepo": "github.com/sgtest/python-sample-0",
      "DefUnitType": "PipPackage",
      "DefUnit": "python-sample-0",
      "DefPath": "pkg0/m0.py/m0.Class0.meth0.meth0",
      "UnitType": "PipPackage",
      "Unit": "python-sample-1",
      "File": "app/app.py",
      "Start": 39,
      "End": 44
    },
    {
      "DefRepo": "github.com/sgtest/python-sample-0",
      "DefUnitType": "PipPackage",
      "DefUnit": "python-sample-0",
      "DefPath": "pkg0/m0.py/pkg0.m0.m0",
      "UnitType": "PipPackage",
      "Unit": "python-sample-1",
      "File": "app/app.py",
      "Start": 12,
      "End": 14
    },
    {
      "DefRepo": "github.com/sgtest/python-sample-0",
      "DefUnitType": "PipPackage",
      "DefUnit": "python-sample-0",
      "DefPath": "pkg0/m0.py/pkg0.m0.m0",
      "UnitType": "PipPackage",
      "Unit": "python-sample-1",
      "File": "app/app.py",
      "Start": 25,
      "End": 27
    },
    {
      "DefUnitType": "PipPackage",
      "DefUnit": "python-sample-1",
      "DefPath": "setup.py/setup.name",
      "UnitType": "PipPackage",
      "Unit": "python-sample-1",
      "File": "setup.py",
      "Start": 41,
      "End": 45
    },
    {
      "DefUnitType": "PipPackage",
      "DefUnit": "python-sample-1",
      "DefPath": "setup.py/setup.packages",
      "UnitType": "PipPackage",
      "Unit": "python-sample-1",
      "File": "setup.py",
      "Start": 143,
      "End": 151
    },
    {
      "DefUnitType": "PipPackage",
      "DefUnit": "python-sample-1",
      "DefPath": "setup.py/setup.setup",
      "UnitType": "PipPackage",
      "Unit": "python-sample-1",
      "Def": true,
      "File": "setup.py",
      "Start": 0,
      "End": 0
    },
    {
      "DefUnitType": "PipPackage",
      "DefUnit": "python-sample-1",
      "DefPath": "setup.py/setup.url",
      "UnitType": "PipPackage",
      "Unit": "python-sample-1",
      "File": "setup.py",
      "Start": 90,
      "End": 93
    },
    {
      "DefUnitType": "PipPackage",
      "DefUnit": "python-sample-1",
      "DefPath": "setup.py/setup.version",
      "UnitType": "PipPackage",
      "Unit": "python-sample-1",
      "File": "setup.py",
      "Start": 69,
      "End": 76
    },
    {
      "DefRepo": "github.com/pypa/setuptools",
      "DefUnitType": "PipPackage",
      "DefUnit": "setuptools",
      "DefPath": "setuptools/__init__.py/setuptools.setup",
      "UnitType": "PipPackage",
      "Unit": "python-sample-1",
      "File": "setup.py",
      "Start": 23,
      "End": 28
    },
    {
      "DefRepo": "github.com/pypa/setuptools",
      "DefUnitType": "PipPackage",
      "DefUnit": "setuptools",
      "DefPath": "setuptools/__init__.py/setuptools.setup",
      "UnitType": "PipPackage",
      "Unit": "python-sample-1",
      "File": "setup.py",
      "Start": 30,
      "End": 35
    },
    {
      "DefRepo": "github.com/pypa/setuptools",
      "DefUnitType": "PipPackage",
      "DefUnit": "setuptools",
      "DefPath": "setuptools/__init__.py/setuptools.setuptools",
      "UnitType": "PipPackage",
      "Unit": "python-sample-1",
      "File": "setup.py",
      "Start": 5,
      "End": 15
    }
  ]
}