{"Name":"myproject","Type":"DjangoApp","Files":["myproject/manage.py","myproject/myapp/__init__.py","myproject/myapp/admin.py","myproject/myapp/apps.py","myproject/myapp/migrations/__init__.py","myproject/myapp/models.py","myproject/myapp/tests.py","myproject/myapp/urls.py","myproject/myapp/views.py","myproject/myproject/__init__.py","myproject/myproject/settings.py","myproject/myproject/urls.py","myproject/myproject/wsgi.py"],"Dir":"./myproject","Dependencies":[{"Repo":"?","Type":"PipPackage","Name":"Django"},{"Repo":"github.com/pypa/setuptools","Type":"PipPackage","Name":"setuptools"}],"Data":{"ReqFiles":["./requirements.txt"],"Reqs":[{"extras":{},"key":"django","modules":null,"packages":["django","django.apps","django.conf","django.conf.locale","django.conf.locale.ar","django.conf.locale.az","django.conf.locale.bg","django.conf.locale.bn","django.conf.locale.bs","django.conf.locale.ca","django.conf.locale.cs","django.conf.locale.cy","django.conf.locale.da","django.conf.locale.de","django.conf.locale.de_CH","django.conf.locale.el","django.conf.locale.en","django.conf.locale.en_AU","django.conf.locale.en_GB","django.conf.locale.eo","django.conf.locale.es","django.conf.locale.es_AR","django.conf.locale.es_CO","django.conf.locale.es_MX","django.conf.locale.es_NI","django.conf.locale.es_PR","django.conf.locale.et","django.conf.locale.eu","django.conf.locale.fa","django.conf.locale.fi","django.conf.locale.fr","django.conf.locale.fy","django.conf.locale.ga","django.conf.locale.gd","django.conf.locale.gl","django.conf.locale.he","django.conf.locale.hi","django.conf.locale.hr","django.conf.locale.hu","django.conf.locale.id","django.conf.locale.is","django.conf.locale.it","django.conf.locale.ja","django.conf.locale.ka","django.conf.locale.km","django.conf.locale.kn","django.conf.locale.ko","django.conf.locale.lt","django.conf.locale.lv","django.conf.locale.mk","django.conf.locale.ml","django.conf.locale.mn","django.conf.locale.nb","django.conf.locale.nl","django.conf.locale.nn","django.conf.locale.pl","django.conf.locale.pt","django.conf.locale.pt_BR","django.conf.locale.ro","django.conf.locale.ru","django.conf.locale.sk","django.conf.locale.sl","django.conf.locale.sq","django.conf.locale.sr","django.conf.locale.sr_Latn","django.conf.locale.sv","django.conf.locale.ta","django.conf.locale.te","django.conf.locale.th","django.conf.locale.tr","django.conf.locale.uk","django.conf.locale.vi","django.conf.locale.zh_Hans","django.conf.locale.zh_Hant","django.conf.urls","django.contrib","django.contrib.admin","django.contrib.admin.migrations","django.contrib.admin.templatetags","django.contrib.admin.views","django.contrib.admindocs","django.contrib.admindocs.tests","django.contrib.auth","django.contrib.auth.handlers","django.contrib.auth.management","django.contrib.auth.management.commands","django.contrib.auth.migrations","django.contrib.auth.tests","django.contrib.contenttypes","django.contrib.contenttypes.migrations","django.contrib.flatpages","django.contrib.flatpages.migrations","django.contrib.flatpages.templatetags","django.contrib.gis","django.contrib.gis.admin","django.contrib.gis.db","django.contrib.gis.db.backends","django.contrib.gis.db.backends.base","django.contrib.gis.db.backends.mysql","django.contrib.gis.db.backends.oracle","django.contrib.gis.db.backends.postgis","django.contrib.gis.db.backends.spatialite","django.contrib.gis.db.models","django.contrib.gis.db.models.sql","django.contrib.gis.forms","django.contrib.gis.gdal","django.contrib.gis.gdal.prototypes","django.contrib.gis.gdal.raster","django.contrib.gis.geoip","django.contrib.gis.geoip2","django.contrib.gis.geometry","django.contrib.gis.geometry.backend","django.contrib.gis.geos","django.contrib.gis.geos.prototypes","django.contrib.gis.management","django.contrib.gis.management.commands","django.contrib.gis.maps","django.contrib.gis.maps.google","django.contrib.gis.maps.openlayers","django.contrib.gis.serializers","django.contrib.gis.sitemaps","django.contrib.gis.utils","django.contrib.humanize","django.contrib.humanize.templatetags","django.contrib.messages","django.contrib.messages.storage","django.contrib.postgres","django.contrib.postgres.aggregates","django.contrib.postgres.fields","django.contrib.postgres.forms","django.contrib.redirects","django.contrib.redirects.migrations","django.contrib.sessions","django.contrib.sessions.backends","django.contrib.sessions.management","django.contrib.sessions.management.commands","django.contrib.sessions.migrations","django.contrib.sitemaps","django.contrib.sitemaps.management","django.contrib.sitemaps.management.commands","django.contrib.sites","django.contrib.sites.migrations","django.contrib.staticfiles","django.contrib.staticfiles.management","django.contrib.staticfiles.management.commands","django.contrib.staticfiles.templatetags","django.contrib.syndication","django.contrib.webdesign","django.contrib.webdesign.templatetags","django.core","django.core.cache","django.core.cache.backends","django.core.checks","django.core.checks.compatibility","django.core.checks.security","django.core.files","django.core.handlers","django.core.mail","django.core.mail.backends","django.core.management","django.core.management.commands","django.core.serializers","django.core.servers","django.db","django.db.backends","django.db.backends.base","django.db.backends.dummy","django.db.backends.mysql","django.db.backends.oracle","django.db.backends.postgresql","django.db.backends.postgresql_psycopg2","django.db.backends.sqlite3","django.db.migrations","django.db.migrations.operations","django.db.models","django.db.models.fields","django.db.models.sql","django.dispatch","django.forms","django.forms.extras","django.http","django.middleware","django.template","django.template.backends","django.template.loaders","django.templatetags","django.test","django.utils","django.utils.translation","django.views","django.views.decorators","django.views.generic"],"project_name":"Django","repo_url":null,"resolved":true,"specs":[{}],"type":"setuptools","unsafe_name":"Django"}]}}
