{"Name":"python-stdlib-refs","Type":"PipPackage","Files":["pkg/__init__.py","setup.py"],"Dir":".","Dependencies":[{"Repo":"github.com/pypa/setuptools","Type":"PipPackage","Name":"setuptools"}],"Data":{"ReqFiles":["./requirements.txt"],"Reqs":[]}}
