{"Name":"single-module-dependent","Type":"PipPackage","Files":["app.py","setup.py"],"Dir":".","Dependencies":[{"Repo":"?","Type":"PipPackage","Name":"single-module-lib"},{"Repo":"github.com/pypa/setuptools","Type":"PipPackage","Name":"setuptools"}],"Data":{"ReqFiles":["./requirements.txt"],"Reqs":[{"extras":null,"key":"https://github.com/sgtest/python-single-module-lib","modules":["mod"],"packages":null,"project_name":"single-module-lib","repo_url":"https://github.com/sgtest/python-single-module-lib","resolved":true,"specs":null,"type":"vcs","unsafe_name":null}]}}
