{
  "Defs": [
    {
      "UnitType": "PipPackage",
      "Unit": "single-module-dependent",
      "Path": "app.py/app.app",
      "Name": "app.py",
      "Kind": "module",
      "File": "app.py",
      "DefStart": 0,
      "DefEnd": 0,
      "Exported": true,
      "Data": {
        "Keyword": "module",
        "Kind": "module",
        "Name": "app",
        "Separator": "",
        "Type": ""
      }
    },
    {
      "UnitType": "PipPackage",
      "Unit": "single-module-dependent",
      "Path": "setup.py/setup.setup",
      "Name": "setup.py",
      "Kind": "module",
      "File": "setup.py",
      "DefStart": 0,
      "DefEnd": 0,
      "Exported": true,
      "Data": {
        "Keyword": "module",
        "Kind": "module",
        "Name": "setup",
        "Separator": "",
        "Type": ""
      }
    }
  ],
  "Refs": [
    {
      "DefUnitType": "PipPackage",
      "DefUnit": "single-module-dependent",
      "DefPath": "app.py/app.app",
      "UnitType": "PipPackage",
      "Unit": "single-module-dependent",
      "Def": true,
      "File": "app.py",
      "Start": 0,
      "End": 0
    },
    {
      "DefUnitType": "PipPackage",
      "DefUnit": "single-module-dependent",
      "DefPath": "app.py/app.mod",
      "UnitType": "PipPackage",
      "Unit": "single-module-dependent",
      "File": "app.py",
      "Start": 18,
      "End": 21
    },
    {
      "DefRepo": "github.com/sgtest/python-single-module-lib",
      "DefUnitType": "PipPackage",
      "DefUnit": "single-module-lib",
      "DefPath": "mod.py/mod.mod",
      "UnitType": "PipPackage",
      "Unit": "single-module-dependent",
      "File": "app.py",
      "Start": 7,
      "End": 10
    },
    {
      "DefRepo": "github.com/python/cpython",
      "DefUnitType": "PipPackage",
      "DefUnit": "__builtin__",
      "DefPath": "print",
      "UnitType": "PipPackage",
      "Unit": "single-module-dependent",
      "File": "app.py",
      "Start": 12,
      "End": 17
    },
    {
      "DefUnitType": "PipPackage",
      "DefUnit": "single-module-dependent",
      "DefPath": "setup.py/setup.name",
      "UnitType": "PipPackage",
      "Unit": "single-module-dependent",
      "File": "setup.py",
      "Start": 41,
      "End": 45
    },
    {
      "DefUnitType": "PipPackage",
      "DefUnit": "single-module-dependent",
      "DefPath": "setup.py/setup.py_modules",
      "UnitType": "PipPackage",
      "Unit": "single-module-dependent",
      "File": "setup.py",
      "Start": 98,
      "End": 108
    },
    {
      "DefUnitType": "PipPackage",
      "DefUnit": "single-module-dependent",
      "DefPath": "setup.py/setup.setup",
      "UnitType": "PipPackage",
      "Unit": "single-module-dependent",
      "Def": true,
      "File": "setup.py",
      "Start": 0,
      "End": 0
    },
    {
      "DefUnitType": "PipPackage",
      "DefUnit": "single-module-dependent",
      "DefPath": "setup.py/setup.url",
      "UnitType": "PipPackage",
      "Unit": "single-module-dependent",
      "File": "setup.py",
      "Start": 122,
      "End": 125
    },
    {
      "DefUnitType": "PipPackage",
      "DefUnit": "single-module-dependent",
      "DefPath": "setup.py/setup.version",
      "UnitType": "PipPackage",
      "Unit": "single-module-dependent",
      "File": "setup.py",
      "Start": 77,
      "End": 84
    },
    {
      "DefRepo": "github.com/pypa/setuptools",
      "DefUnitType": "PipPackage",
      "DefUnit": "setuptools",
      "DefPath": "setuptools/__init__.py/setuptools.setup",
      "UnitType": "PipPackage",
      "Unit": "single-module-dependent",
      "File": "setup.py",
      "Start": 23,
      "End": 28
    },
    {
      "DefRepo": "github.com/pypa/setuptools",
      "DefUnitType": "PipPackage",
      "DefUnit": "setuptools",
      "DefPath": "setuptools/__init__.py/setuptools.setup",
      "UnitType": "PipPackage",
      "Unit": "single-module-dependent",
      "File": "setup.py",
      "Start": 30,
      "End": 35
    },
    {
      "DefRepo": "github.com/pypa/setuptools",
      "DefUnitType": "PipPackage",
      "DefUnit": "setuptools",
      "DefPath": "setuptools/__init__.py/setuptools.setuptools",
      "UnitType": "PipPackage",
      "Unit": "single-module-dependent",
      "File": "setup.py",
      "Start": 5,
      "End": 15
    }
  ]
}