{"Name":"python-sample-2","Type":"PipPackage","Files":["app/__init__.py","app/app.py","setup.py"],"Dir":".","Dependencies":[{"Repo":"?","Type":"PipPackage","Name":"requests"},{"Repo":"github.com/pypa/setuptools","Type":"PipPackage","Name":"setuptools"}],"Data":{"ReqFiles":["./requirements.txt"],"Reqs":[{"extras":{},"key":"requests","modules":null,"packages":["requests","requests.packages","requests.packages.chardet","requests.packages.urllib3","requests.packages.urllib3.packages","requests.packages.urllib3.contrib","requests.packages.urllib3.util","requests.packages.urllib3.packages.ssl_match_hostname"],"project_name":"requests","repo_url":null,"resolved":true,"specs":[],"type":"setuptools","unsafe_name":"requests"}]}}
