{"Name":"python-reqstxt-setuppy","Type":"PipPackage","Files":["mod123.py","setup.py"],"Dir":".","Dependencies":[{"Repo":"?","Type":"PipPackage","Name":"click"},{"Repo":"?","Type":"PipPackage","Name":"Jinja2"},{"Repo":"github.com/pypa/setuptools","Type":"PipPackage","Name":"setuptools"}],"Data":{"ReqFiles":["./requirements.txt"],"Reqs":[{"extras":{},"key":"click","modules":null,"packages":["click"],"project_name":"click","repo_url":"http://github.com/mitsuhiko/click","resolved":true,"specs":[],"type":"setuptools","unsafe_name":"click"},{"extras":{},"key":"jinja2","modules":null,"packages":["jinja2"],"project_name":"Jinja2","repo_url":null,"resolved":true,"specs":[{}],"type":"setuptools","unsafe_name":"Jinja2"}]}}
